# connected XX:XX:XX:XX:XX:XX ch28 at 2026-08-23 15:52:45
[15:52:45.545] raw 55 60 01 41 40 01 00 ff 00 91 99
[15:52:45.545]     cmd=0x4140 fsn=0xFF crc=ok len=1 payload=00 |.|
[15:52:45.572] raw 55 60 06 09 7c 03 00 ff 00 04 00 71 7d
[15:52:45.596] raw 55 00 03 19 e0 02 00 00 00 01
[15:52:45.616] raw 55 00 03 03 e0 06 00 00 01 01 00 02 01 00
[15:52:52.148] raw 55 00 03 01 e0 03 00 00 01 06 37
[15:53:02.150] raw 55 00 03 01 e0 03 00 00 01 06 37
[15:53:12.139] raw 55 00 03 01 e0 03 00 00 01 06 37
[15:53:22.139] raw 55 00 03 01 e0 03 00 00 01 06 37
[15:53:32.144] raw 55 00 03 01 e0 03 00 00 01 06 37
[15:53:42.126] raw 55 00 03 01 e0 03 00 00 01 06 37
[15:53:52.132] raw 55 00 03 01 e0 03 00 00 01 06 37
[15:54:02.120] raw 55 00 03 01 e0 03 00 00 01 06 37
[15:54:12.123] raw 55 00 03 01 e0 03 00 00 01 06 37
[15:54:22.128] raw 55 00 03 01 e0 03 00 00 01 06 37
[15:54:32.114] raw 55 00 03 01 e0 03 00 00 01 06 37
[15:54:42.116] raw 55 00 03 01 e0 03 00 00 01 06 37
[15:54:52.105] raw 55 00 03 01 e0 03 00 00 01 06 37
[15:54:54.256] raw 55 00 03 14 e0 01 00 00 0b
[15:54:56.752] raw 55 00 03 14 e0 01 00 00 0b
[15:55:02.105] raw 55 00 03 01 e0 03 00 00 01 06 37
[15:55:08.037] raw 55 00 03 14 e0 01 00 00 0b
[15:55:11.088] raw 55 00 03 14 e0 01 00 00 01
[15:55:12.155] raw 55 00 03 01 e0 03 00 00 01 06 37
[15:55:22.097] raw 55 00 03 01 e0 03 00 00 01 06 37
[15:55:29.027] raw 55 00 03 03 e0 06 00 00 01 07 00 02 01 00
[15:55:30.383] raw 55 00 03 03 e0 06 00 00 01 05 00 02 01 00
[15:55:32.088] raw 55 00 03 01 e0 03 00 00 01 06 37
[15:55:34.365] raw 55 00 03 03 e0 06 00 00 01 01 00 02 01 00
[15:55:36.346] raw 55 00 03 03 e0 06 00 00 01 05 00 02 01 00
[15:55:42.086] raw 55 00 03 01 e0 03 00 00 01 06 37
[15:55:52.090] raw 55 00 03 01 e0 03 00 00 01 06 37
[15:55:53.831] raw 55 00 03 14 e0 01 00 00 0b
[15:55:55.319] raw 55 00 03 14 e0 01 00 00 01
[15:56:02.137] raw 55 00 03 01 e0 03 00 00 01 06 37
[15:56:12.079] raw 55 00 03 01 e0 03 00 00 01 06 37
[15:56:22.102] raw 55 00 03 01 e0 03 00 00 01 06 37
[15:56:25.434] raw 55 00 03 19 e0 02 00 00 00 00
[15:56:25.477] raw 55 00 03 03 e0 06 00 00 01 05 00 02 01 00
[15:56:32.068] raw 55 00 03 01 e0 03 00 00 01 06 37
[15:56:42.075] raw 55 00 03 01 e0 03 00 00 01 06 37
